  consumers.cpp
  main.cpp
  Generating Code...
consumers.obj : error LNK2019: unresolved external symbol __imp_DEVICE_SearchInt referenced in function "int __cdecl search_connect(void)" (?search_connect@@YAHXZ)
consumers.obj : error LNK2019: unresolved external symbol __imp_DEVICE_Connect referenced in function "int __cdecl search_connect(void)" (?search_connect@@YAHXZ)
consumers.obj : error LNK2019: unresolved external symbol __imp_DEVICE_Disconnect referenced in function "void __cdecl block_iq_example(void)" (?block_iq_example@@YAXXZ)
consumers.obj : error LNK2019: unresolved external symbol __imp_DEVICE_GetAPIVersion referenced in function "int __cdecl search_connect(void)" (?search_connect@@YAHXZ)
consumers.obj : error LNK2019: unresolved external symbol __imp_CONFIG_Preset referenced in function "void __cdecl spectrum_example(void)" (?spectrum_example@@YAXXZ)
consumers.obj : error LNK2019: unresolved external symbol __imp_CONFIG_SetReferenceLevel referenced in function "double * __cdecl config_block_iq(double,double,double,int)" (?config_block_iq@@YAPEANNNNH@Z)
consumers.obj : error LNK2019: unresolved external symbol __imp_CONFIG_SetCenterFreq referenced in function "double * __cdecl config_block_iq(double,double,double,int)" (?config_block_iq@@YAPEANNNNH@Z)
consumers.obj : error LNK2019: unresolved external symbol __imp_TRIG_SetTriggerMode referenced in function "void __cdecl config_trigger(enum RSA_API::TriggerMode,double,enum RSA_API::TriggerSource)" (?config_trigger@@YAXW4TriggerMode@RSA_API@@NW4TriggerSource@2@@Z)
consumers.obj : error LNK2019: unresolved external symbol __imp_TRIG_SetTriggerSource referenced in function "void __cdecl config_trigger(enum RSA_API::TriggerMode,double,enum RSA_API::TriggerSource)" (?config_trigger@@YAXW4TriggerMode@RSA_API@@NW4TriggerSource@2@@Z)
consumers.obj : error LNK2019: unresolved external symbol __imp_TRIG_SetIFPowerTriggerLevel referenced in function "void __cdecl config_trigger(enum RSA_API::TriggerMode,double,enum RSA_API::TriggerSource)" (?config_trigger@@YAXW4TriggerMode@RSA_API@@NW4TriggerSource@2@@Z)
consumers.obj : error LNK2019: unresolved external symbol __imp_TRIG_SetTriggerPositionPercent referenced in function "void __cdecl config_trigger(enum RSA_API::TriggerMode,double,enum RSA_API::TriggerSource)" (?config_trigger@@YAXW4TriggerMode@RSA_API@@NW4TriggerSource@2@@Z)
consumers.obj : error LNK2019: unresolved external symbol __imp_DEVICE_Run referenced in function "struct RSA_API::Cplx32 * __cdecl acquire_block_iq(int)" (?acquire_block_iq@@YAPEAUCplx32@RSA_API@@H@Z)
consumers.obj : error LNK2019: unresolved external symbol __imp_DEVICE_Stop referenced in function "struct RSA_API::Cplx32 * __cdecl acquire_block_iq(int)" (?acquire_block_iq@@YAPEAUCplx32@RSA_API@@H@Z)
consumers.obj : error LNK2019: unresolved external symbol __imp_IQBLK_SetIQBandwidth referenced in function "double * __cdecl config_block_iq(double,double,double,int)" (?config_block_iq@@YAPEANNNNH@Z)
consumers.obj : error LNK2019: unresolved external symbol __imp_IQBLK_GetIQSampleRate referenced in function "double * __cdecl config_block_iq(double,double,double,int)" (?config_block_iq@@YAPEANNNNH@Z)
consumers.obj : error LNK2019: unresolved external symbol __imp_IQBLK_SetIQRecordLength referenced in function "double * __cdecl config_block_iq(double,double,double,int)" (?config_block_iq@@YAPEANNNNH@Z)
consumers.obj : error LNK2019: unresolved external symbol __imp_IQBLK_AcquireIQData referenced in function "struct RSA_API::Cplx32 * __cdecl acquire_block_iq(int)" (?acquire_block_iq@@YAPEAUCplx32@RSA_API@@H@Z)
consumers.obj : error LNK2019: unresolved external symbol __imp_IQBLK_WaitForIQDataReady referenced in function "struct RSA_API::Cplx32 * __cdecl acquire_block_iq(int)" (?acquire_block_iq@@YAPEAUCplx32@RSA_API@@H@Z)
consumers.obj : error LNK2019: unresolved external symbol __imp_IQBLK_GetIQDataCplx referenced in function "struct RSA_API::Cplx32 * __cdecl acquire_block_iq(int)" (?acquire_block_iq@@YAPEAUCplx32@RSA_API@@H@Z)
consumers.obj : error LNK2019: unresolved external symbol __imp_SPECTRUM_SetEnable referenced in function "struct RSA_API::Spectrum_Settings __cdecl config_spectrum(double,double,double,double)" (?config_spectrum@@YA?AUSpectrum_Settings@RSA_API@@NNNN@Z)
consumers.obj : error LNK2019: unresolved external symbol __imp_SPECTRUM_SetDefault referenced in function "struct RSA_API::Spectrum_Settings __cdecl config_spectrum(double,double,double,double)" (?config_spectrum@@YA?AUSpectrum_Settings@RSA_API@@NNNN@Z)
consumers.obj : error LNK2019: unresolved external symbol __imp_SPECTRUM_SetSettings referenced in function "struct RSA_API::Spectrum_Settings __cdecl config_spectrum(double,double,double,double)" (?config_spectrum@@YA?AUSpectrum_Settings@RSA_API@@NNNN@Z)
consumers.obj : error LNK2019: unresolved external symbol __imp_SPECTRUM_GetSettings referenced in function "struct RSA_API::Spectrum_Settings __cdecl config_spectrum(double,double,double,double)" (?config_spectrum@@YA?AUSpectrum_Settings@RSA_API@@NNNN@Z)
consumers.obj : error LNK2019: unresolved external symbol __imp_SPECTRUM_AcquireTrace referenced in function "float * __cdecl acquire_spectrum(struct RSA_API::Spectrum_Settings)" (?acquire_spectrum@@YAPEAMUSpectrum_Settings@RSA_API@@@Z)
consumers.obj : error LNK2019: unresolved external symbol __imp_SPECTRUM_WaitForTraceReady referenced in function "float * __cdecl acquire_spectrum(struct RSA_API::Spectrum_Settings)" (?acquire_spectrum@@YAPEAMUSpectrum_Settings@RSA_API@@@Z)
consumers.obj : error LNK2019: unresolved external symbol __imp_SPECTRUM_GetTrace referenced in function "float * __cdecl acquire_spectrum(struct RSA_API::Spectrum_Settings)" (?acquire_spectrum@@YAPEAMUSpectrum_Settings@RSA_API@@@Z)
consumers.obj : error LNK2019: unresolved external symbol __imp_SPECTRUM_GetTraceInfo referenced in function "float * __cdecl acquire_spectrum(struct RSA_API::Spectrum_Settings)" (?acquire_spectrum@@YAPEAMUSpectrum_Settings@RSA_API@@@Z)
consumers.obj : error LNK2019: unresolved external symbol __imp_DPX_SetEnable referenced in function "void __cdecl config_dpx(double,double,double,double)" (?config_dpx@@YAXNNNN@Z)
consumers.obj : error LNK2019: unresolved external symbol __imp_DPX_SetParameters referenced in function "void __cdecl config_dpx(double,double,double,double)" (?config_dpx@@YAXNNNN@Z)
consumers.obj : error LNK2019: unresolved external symbol __imp_DPX_Configure referenced in function "void __cdecl config_dpx(double,double,double,double)" (?config_dpx@@YAXNNNN@Z)
consumers.obj : error LNK2019: unresolved external symbol __imp_DPX_SetSpectrumTraceType referenced in function "void __cdecl config_dpx(double,double,double,double)" (?config_dpx@@YAXNNNN@Z)
consumers.obj : error LNK2019: unresolved external symbol __imp_DPX_WaitForDataReady referenced in function "void __cdecl acquire_dpx(struct RSA_API::DPX_FrameBuffer *)" (?acquire_dpx@@YAXPEAUDPX_FrameBuffer@RSA_API@@@Z)
consumers.obj : error LNK2019: unresolved external symbol __imp_DPX_SetSogramParameters referenced in function "void __cdecl config_dpx(double,double,double,double)" (?config_dpx@@YAXNNNN@Z)
consumers.obj : error LNK2019: unresolved external symbol __imp_DPX_GetFrameBuffer referenced in function "void __cdecl acquire_dpx(struct RSA_API::DPX_FrameBuffer *)" (?acquire_dpx@@YAXPEAUDPX_FrameBuffer@RSA_API@@@Z)
consumers.obj : error LNK2019: unresolved external symbol __imp_DPX_FinishFrameBuffer referenced in function "void __cdecl acquire_dpx(struct RSA_API::DPX_FrameBuffer *)" (?acquire_dpx@@YAXPEAUDPX_FrameBuffer@RSA_API@@@Z)
consumers.obj : error LNK2019: unresolved external symbol __imp_DPX_IsFrameBufferAvailable referenced in function "void __cdecl acquire_dpx(struct RSA_API::DPX_FrameBuffer *)" (?acquire_dpx@@YAXPEAUDPX_FrameBuffer@RSA_API@@@Z)
consumers.obj : error LNK2019: unresolved external symbol __imp_IFSTREAM_SetDiskFileMode referenced in function "void __cdecl config_if_stream(double,double,char const *,char const *,int)" (?config_if_stream@@YAXNNPEBD0H@Z)
consumers.obj : error LNK2019: unresolved external symbol __imp_IFSTREAM_SetDiskFilePath referenced in function "void __cdecl config_if_stream(double,double,char const *,char const *,int)" (?config_if_stream@@YAXNNPEBD0H@Z)
consumers.obj : error LNK2019: unresolved external symbol __imp_IFSTREAM_SetDiskFilenameBase referenced in function "void __cdecl config_if_stream(double,double,char const *,char const *,int)" (?config_if_stream@@YAXNNPEBD0H@Z)
consumers.obj : error LNK2019: unresolved external symbol __imp_IFSTREAM_SetDiskFilenameSuffix referenced in function "void __cdecl config_if_stream(double,double,char const *,char const *,int)" (?config_if_stream@@YAXNNPEBD0H@Z)
consumers.obj : error LNK2019: unresolved external symbol __imp_IFSTREAM_SetDiskFileLength referenced in function "void __cdecl config_if_stream(double,double,char const *,char const *,int)" (?config_if_stream@@YAXNNPEBD0H@Z)
consumers.obj : error LNK2019: unresolved external symbol __imp_IFSTREAM_SetDiskFileCount referenced in function "void __cdecl config_if_stream(double,double,char const *,char const *,int)" (?config_if_stream@@YAXNNPEBD0H@Z)
consumers.obj : error LNK2019: unresolved external symbol __imp_IFSTREAM_SetEnable referenced in function "void __cdecl if_stream_example(void)" (?if_stream_example@@YAXXZ)
consumers.obj : error LNK2019: unresolved external symbol __imp_IFSTREAM_GetActiveStatus referenced in function "void __cdecl if_stream_example(void)" (?if_stream_example@@YAXXZ)
consumers.obj : error LNK2019: unresolved external symbol __imp_IQSTREAM_SetAcqBandwidth referenced in function "void __cdecl config_iq_stream(double,double,double,char const *,enum RSA_API::IQSOUTDEST,int,int)" (?config_iq_stream@@YAXNNNPEBDW4IQSOUTDEST@RSA_API@@HH@Z)
consumers.obj : error LNK2019: unresolved external symbol __imp_IQSTREAM_GetAcqParameters referenced in function "void __cdecl config_iq_stream(double,double,double,char const *,enum RSA_API::IQSOUTDEST,int,int)" (?config_iq_stream@@YAXNNNPEBDW4IQSOUTDEST@RSA_API@@HH@Z)
consumers.obj : error LNK2019: unresolved external symbol __imp_IQSTREAM_SetOutputConfiguration referenced in function "void __cdecl config_iq_stream(double,double,double,char const *,enum RSA_API::IQSOUTDEST,int,int)" (?config_iq_stream@@YAXNNNPEBDW4IQSOUTDEST@RSA_API@@HH@Z)
consumers.obj : error LNK2019: unresolved external symbol __imp_IQSTREAM_SetDiskFilenameBase referenced in function "void __cdecl config_iq_stream(double,double,double,char const *,enum RSA_API::IQSOUTDEST,int,int)" (?config_iq_stream@@YAXNNNPEBDW4IQSOUTDEST@RSA_API@@HH@Z)
consumers.obj : error LNK2019: unresolved external symbol __imp_IQSTREAM_SetDiskFilenameSuffix referenced in function "void __cdecl config_iq_stream(double,double,double,char const *,enum RSA_API::IQSOUTDEST,int,int)" (?config_iq_stream@@YAXNNNPEBDW4IQSOUTDEST@RSA_API@@HH@Z)
consumers.obj : error LNK2019: unresolved external symbol __imp_IQSTREAM_SetDiskFileLength referenced in function "void __cdecl config_iq_stream(double,double,double,char const *,enum RSA_API::IQSOUTDEST,int,int)" (?config_iq_stream@@YAXNNNPEBDW4IQSOUTDEST@RSA_API@@HH@Z)
consumers.obj : error LNK2019: unresolved external symbol __imp_IQSTREAM_Start referenced in function "void __cdecl iq_stream_example(void)" (?iq_stream_example@@YAXXZ)
consumers.obj : error LNK2019: unresolved external symbol __imp_IQSTREAM_Stop referenced in function "void __cdecl iq_stream_example(void)" (?iq_stream_example@@YAXXZ)
consumers.obj : error LNK2019: unresolved external symbol __imp_IQSTREAM_GetDiskFileWriteStatus referenced in function "void __cdecl iq_stream_example(void)" (?iq_stream_example@@YAXXZ)
consumers.obj : error LNK2019: unresolved external symbol __imp_IQSTREAM_GetDiskFileInfo referenced in function "void __cdecl iq_stream_example(void)" (?iq_stream_example@@YAXXZ)
consumers.obj : error LNK2019: unresolved external symbol __imp_PLAYBACK_OpenDiskFile referenced in function "void __cdecl if_playback(void)" (?if_playback@@YAXXZ)
consumers.obj : error LNK2019: unresolved external symbol __imp_PLAYBACK_GetReplayComplete referenced in function "void __cdecl if_playback(void)" (?if_playback@@YAXXZ)
C:\Itai_Work\RSA_API\C++2\RSA_driver\x64\Debug\RSA_driver.exe : fatal error LNK1120: 56 unresolved externals
